{
    "name": "Rai Reflex Index",
    "pair": "rai",
    "address": "0x03ab458634910aad20ef5f1c8ee96f1d6ac54919",
    "proxy_address": null,
    "decimals": 18
}