{
    "name": "yearn.finance",
    "pair": "yfi",
    "address": "0x0bc529c00c6401aef6d220be8c6ea1667f6ad93e",
    "proxy_address": null,
    "decimals": 18
}