{
    "name": "Aave MKR",
    "pair": "amkr",
    "address": "0xc713e5e149d5d0715dcd1c156a020976e7e56b88",
    "proxy_address": null,
    "decimals": 18
}