{
    "name": "AAVE / ETH",
    "pair": [
        "",
        ""
    ],
    "address": "0x347b3886BdC7242Ae7f5f00398e801c8bfA8F52C",
    "proxy_address": "0x6Df09E975c830ECae5bd4eD9d90f3A95a4f88012",
    "decimals": 18
}