{
    "execute": {
        "id": 5,
        "implemented": false,
        "kind": "function",
        "modifiers": [],
        "name": "execute",
        "nameLocation": "184:7:0",
        "nodeType": "FunctionDefinition",
        "parameters": {
            "id": 3,
            "nodeType": "ParameterList",
            "parameters": [],
            "src": "191:2:0"
        },
        "returnParameters": {
            "id": 4,
            "nodeType": "ParameterList",
            "parameters": [],
            "src": "202:0:0"
        },
        "src": "175:28:0",
        "stateMutability": "nonpayable",
        "virtual": false,
        "visibility": "external"
    }
}